// Jest Snapshot v1, https://goo.gl/fbAQLP

exports[`VtToastContainer snapshots with classes 1`] = `
<div>
  
  <div>
    <transition-group-stub
      class="Vue-Toastification__container top-left myclass"
    >
      
      
    </transition-group-stub>
  </div>
  <div>
    <transition-group-stub
      class="Vue-Toastification__container top-center myclass"
    >
      
      
    </transition-group-stub>
  </div>
  <div>
    <transition-group-stub
      class="Vue-Toastification__container top-right myclass"
    >
      
      
    </transition-group-stub>
  </div>
  <div>
    <transition-group-stub
      class="Vue-Toastification__container bottom-left myclass"
    >
      
      
    </transition-group-stub>
  </div>
  <div>
    <transition-group-stub
      class="Vue-Toastification__container bottom-center myclass"
    >
      
      
    </transition-group-stub>
  </div>
  <div>
    <transition-group-stub
      class="Vue-Toastification__container bottom-right myclass"
    >
      
      
    </transition-group-stub>
  </div>
  
</div>
`;

exports[`VtToastContainer snapshots with default value 1`] = `
<div>
  
  <div>
    <transition-group-stub
      class="Vue-Toastification__container top-left"
    >
      
      
    </transition-group-stub>
  </div>
  <div>
    <transition-group-stub
      class="Vue-Toastification__container top-center"
    >
      
      
    </transition-group-stub>
  </div>
  <div>
    <transition-group-stub
      class="Vue-Toastification__container top-right"
    >
      
      
    </transition-group-stub>
  </div>
  <div>
    <transition-group-stub
      class="Vue-Toastification__container bottom-left"
    >
      
      
    </transition-group-stub>
  </div>
  <div>
    <transition-group-stub
      class="Vue-Toastification__container bottom-center"
    >
      
      
    </transition-group-stub>
  </div>
  <div>
    <transition-group-stub
      class="Vue-Toastification__container bottom-right"
    >
      
      
    </transition-group-stub>
  </div>
  
</div>
`;

exports[`VtToastContainer snapshots with toasts 1`] = `
<div>
  
  <div>
    <transition-group-stub
      class="Vue-Toastification__container top-left"
    >
      
      
    </transition-group-stub>
  </div>
  <div>
    <transition-group-stub
      class="Vue-Toastification__container top-center"
    >
      
      
    </transition-group-stub>
  </div>
  <div>
    <transition-group-stub
      class="Vue-Toastification__container top-right"
    >
      
      
      <div
        class="Vue-Toastification__toast Vue-Toastification__toast--info top-right"
        style="transform: translateX(0px); opacity: 1;"
      >
        <svg
          aria-hidden="true"
          class="Vue-Toastification__icon"
          focusable="false"
          role="img"
          viewBox="0 0 512 512"
          xmlns="http://www.w3.org/2000/svg"
        >
          <path
            d="M256 8C119.043 8 8 119.083 8 256c0 136.997 111.043 248 248 248s248-111.003 248-248C504 119.083 392.957 8 256 8zm0 110c23.196 0 42 18.804 42 42s-18.804 42-42 42-42-18.804-42-42 18.804-42 42-42zm56 254c0 6.627-5.373 12-12 12h-88c-6.627 0-12-5.373-12-12v-24c0-6.627 5.373-12 12-12h12v-64h-12c-6.627 0-12-5.373-12-12v-24c0-6.627 5.373-12 12-12h64c6.627 0 12 5.373 12 12v100h12c6.627 0 12 5.373 12 12v24z"
            fill="currentColor"
          />
        </svg>
        <div
          class="Vue-Toastification__toast-body"
          role="alert"
        >
          
          info
          
        </div>
        <button
          aria-label="close"
          class="Vue-Toastification__close-button"
        >
           × 
        </button>
        <div
          class="Vue-Toastification__progress-bar"
          style="animation-duration: 5000ms; animation-play-state: running; opacity: 1;"
        />
      </div>
      <div
        class="Vue-Toastification__toast Vue-Toastification__toast--default top-right"
        style="transform: translateX(0px); opacity: 1;"
      >
        <svg
          aria-hidden="true"
          class="Vue-Toastification__icon"
          focusable="false"
          role="img"
          viewBox="0 0 512 512"
          xmlns="http://www.w3.org/2000/svg"
        >
          <path
            d="M256 8C119.043 8 8 119.083 8 256c0 136.997 111.043 248 248 248s248-111.003 248-248C504 119.083 392.957 8 256 8zm0 110c23.196 0 42 18.804 42 42s-18.804 42-42 42-42-18.804-42-42 18.804-42 42-42zm56 254c0 6.627-5.373 12-12 12h-88c-6.627 0-12-5.373-12-12v-24c0-6.627 5.373-12 12-12h12v-64h-12c-6.627 0-12-5.373-12-12v-24c0-6.627 5.373-12 12-12h64c6.627 0 12 5.373 12 12v100h12c6.627 0 12 5.373 12 12v24z"
            fill="currentColor"
          />
        </svg>
        <div
          class="Vue-Toastification__toast-body"
          role="alert"
        >
          
          default
          
        </div>
        <button
          aria-label="close"
          class="Vue-Toastification__close-button"
        >
           × 
        </button>
        <div
          class="Vue-Toastification__progress-bar"
          style="animation-duration: 5000ms; animation-play-state: running; opacity: 1;"
        />
      </div>
      
      
    </transition-group-stub>
  </div>
  <div>
    <transition-group-stub
      class="Vue-Toastification__container bottom-left"
    >
      
      
    </transition-group-stub>
  </div>
  <div>
    <transition-group-stub
      class="Vue-Toastification__container bottom-center"
    >
      
      
    </transition-group-stub>
  </div>
  <div>
    <transition-group-stub
      class="Vue-Toastification__container bottom-right"
    >
      
      
      <div
        class="Vue-Toastification__toast Vue-Toastification__toast--error bottom-right"
        style="transform: translateX(0px); opacity: 1;"
      >
        <svg
          aria-hidden="true"
          class="Vue-Toastification__icon"
          focusable="false"
          role="img"
          viewBox="0 0 576 512"
          xmlns="http://www.w3.org/2000/svg"
        >
          <path
            d="M569.517 440.013C587.975 472.007 564.806 512 527.94 512H48.054c-36.937 0-59.999-40.055-41.577-71.987L246.423 23.985c18.467-32.009 64.72-31.951 83.154 0l239.94 416.028zM288 354c-25.405 0-46 20.595-46 46s20.595 46 46 46 46-20.595 46-46-20.595-46-46-46zm-43.673-165.346l7.418 136c.347 6.364 5.609 11.346 11.982 11.346h48.546c6.373 0 11.635-4.982 11.982-11.346l7.418-136c.375-6.874-5.098-12.654-11.982-12.654h-63.383c-6.884 0-12.356 5.78-11.981 12.654z"
            fill="currentColor"
          />
        </svg>
        <div
          class="Vue-Toastification__toast-body"
          role="alert"
        >
          
          error
          
        </div>
        <button
          aria-label="close"
          class="Vue-Toastification__close-button"
        >
           × 
        </button>
        <div
          class="Vue-Toastification__progress-bar"
          style="animation-duration: 5000ms; animation-play-state: running; opacity: 1;"
        />
      </div>
      
      
    </transition-group-stub>
  </div>
  
</div>
`;
